103.255.5.81 - - [04/Apr/2019:02:14:35 -0700] "GET /wp-login.php HTTP/1.1" 418 732 "-" "Mozilla/5.0 (Windows NT 6.1; WOW64; rv:40.0) Gecko/20100101 Firefox/40.1" 
157.55.39.59 - - [04/Apr/2019:02:20:49 -0700] "GET /self.logs/access.log.2017-09-19.gz HTTP/1.1" 304 189 "-" "Mozilla/5.0 (compatible; bingbot/2.0; +http://www.bing.com/bingbot.htm)" 
54.208.102.37 - - [04/Apr/2019:02:23:20 -0700] "GET / HTTP/1.1" 200 12511 "http://www.secrepo.com/" "Mozilla/5.0 (compatible; DuckDuckGo-Favicons-Bot/1.0; +http://duckduckgo.com)" 
54.208.102.37 - - [04/Apr/2019:02:23:20 -0700] "GET /bootstrap/img/favicon.ico HTTP/1.1" 200 589 "http://www.secrepo.com/bootstrap/img/favicon.ico" "Mozilla/5.0 (compatible; DuckDuckGo-Favicons-Bot/1.0; +http://duckduckgo.com)" 
174.97.52.32 - - [04/Apr/2019:02:24:13 -0700] "GET /wp-login.php HTTP/1.1" 418 732 "-" "Mozilla/5.0 (Windows NT 6.1; WOW64; rv:40.0) Gecko/20100101 Firefox/40.1" 
174.97.52.32 - - [04/Apr/2019:02:24:13 -0700] "GET / HTTP/1.1" 418 732 "-" "Mozilla/5.0 (Windows NT 6.1; WOW64; rv:40.0) Gecko/20100101 Firefox/40.1" 
121.183.150.229 - - [04/Apr/2019:02:27:45 -0700] "GET /wp-login.php HTTP/1.1" 418 732 "-" "Mozilla/5.0 (Windows NT 6.1; WOW64; rv:40.0) Gecko/20100101 Firefox/40.1" 
121.183.150.229 - - [04/Apr/2019:02:27:46 -0700] "GET / HTTP/1.1" 418 732 "-" "Mozilla/5.0 (Windows NT 6.1; WOW64; rv:40.0) Gecko/20100101 Firefox/40.1" 
198.108.66.48 - - [04/Apr/2019:02:30:01 -0700] "GET / HTTP/1.1" 301 427 "-" "Mozilla/5.0 zgrab/0.x" 
198.108.66.48 - - [04/Apr/2019:02:30:02 -0700] "GET / HTTP/1.1" 200 12455 "http://66.33.221.139:80/" "Mozilla/5.0 zgrab/0.x" 
207.46.13.198 - - [04/Apr/2019:02:38:26 -0700] "GET /Datasets%20Description/HTML_Bro_log_1/files.html HTTP/1.1" 200 1812 "-" "Mozilla/5.0 (compatible; bingbot/2.0; +http://www.bing.com/bingbot.htm)" 
207.46.13.198 - - [04/Apr/2019:02:38:26 -0700] "GET /self.logs/error.log.2017-04-23.gz HTTP/1.1" 200 1176 "-" "Mozilla/5.0 (compatible; bingbot/2.0; +http://www.bing.com/bingbot.htm)" 
91.228.167.89 - - [04/Apr/2019:02:39:58 -0700] "GET / HTTP/1.0" 200 46413 "https://socialmediascanner.eset.com" "Mozilla/5.0 (Windows NT 6.1) AppleWebKit/537.36 (KHTML, like Gecko) Chrome/31.0.1650.16 Safari/537.36" 
88.211.88.169 - - [04/Apr/2019:02:42:41 -0700] "GET / HTTP/1.1" 304 189 "-" "Mozilla/5.0 (Windows NT 10.0; Win64; x64) AppleWebKit/537.36 (KHTML, like Gecko) Chrome/73.0.3683.86 Safari/537.36" 
113.171.224.176 - - [04/Apr/2019:02:47:05 -0700] "GET /honeypot/Honeypot%20-%20Howto.pdf HTTP/1.1" 200 61320 "-" "Mozilla/5.0 Gecko/20100115 Firefox/3.6" 
40.77.167.134 - - [04/Apr/2019:02:47:09 -0700] "GET /self.logs/error.log.2015-09-06.gz HTTP/1.1" 404 340 "-" "Mozilla/5.0 (compatible; bingbot/2.0; +http://www.bing.com/bingbot.htm)" 
40.77.167.134 - - [04/Apr/2019:02:47:39 -0700] "GET /self.logs/access.log.2017-08-02.gz HTTP/1.1" 200 17892 "-" "Mozilla/5.0 (compatible; bingbot/2.0; +http://www.bing.com/bingbot.htm)" 
81.252.192.161 - - [04/Apr/2019:02:48:43 -0700] "GET /Datasets%20Description/HTML_Bro_log_1 HTTP/1.1" 301 552 "http://www.secrepo.com/" "Mozilla/5.0 (Windows NT 10.0; Win64; x64; rv:66.0) Gecko/20100101 Firefox/66.0" 
81.252.192.161 - - [04/Apr/2019:02:48:43 -0700] "GET /Datasets%20Description/HTML_Bro_log_1/ HTTP/1.1" 200 733 "http://www.secrepo.com/" "Mozilla/5.0 (Windows NT 10.0; Win64; x64; rv:66.0) Gecko/20100101 Firefox/66.0" 
81.252.192.161 - - [04/Apr/2019:02:48:43 -0700] "GET /favicon.ico HTTP/1.1" 200 268 "-" "Mozilla/5.0 (Windows NT 10.0; Win64; x64; rv:66.0) Gecko/20100101 Firefox/66.0" 
81.252.192.161 - - [04/Apr/2019:02:48:48 -0700] "GET /Datasets%20Description/HTML_Bro_log_1/conn.html HTTP/1.1" 200 1905 "http://www.secrepo.com/Datasets%20Description/HTML_Bro_log_1/" "Mozilla/5.0 (Windows NT 10.0; Win64; x64; rv:66.0) Gecko/20100101 Firefox/66.0" 
81.252.192.161 - - [04/Apr/2019:02:51:07 -0700] "GET /Datasets%20Description/HTML_Bro_log_1/ HTTP/1.1" 200 734 "http://www.secrepo.com/" "Mozilla/5.0 (Windows NT 10.0; Win64; x64; rv:66.0) Gecko/20100101 Firefox/66.0" 
81.252.192.161 - - [04/Apr/2019:02:51:07 -0700] "GET /favicon.ico HTTP/1.1" 200 268 "-" "Mozilla/5.0 (Windows NT 10.0; Win64; x64; rv:66.0) Gecko/20100101 Firefox/66.0" 
81.252.192.161 - - [04/Apr/2019:02:51:28 -0700] "GET /bootstrap/img/favicon.ico HTTP/1.1" 200 590 "-" "Mozilla/5.0 (Windows NT 10.0; Win64; x64; rv:66.0) Gecko/20100101 Firefox/66.0" 
207.46.13.198 - - [04/Apr/2019:02:57:14 -0700] "GET /self.logs/error.log.2017-08-10.gz HTTP/1.1" 200 995 "-" "Mozilla/5.0 (compatible; bingbot/2.0; +http://www.bing.com/bingbot.htm)" 
203.99.198.64 - - [04/Apr/2019:02:59:37 -0700] "GET /pe_static/zeus.zip HTTP/1.1" 200 1627020 "-" "Mozilla/5.0 (Windows NT 10.0; Win64; x64) AppleWebKit/537.36 (KHTML, like Gecko) Chrome/70.0.3538.67 Safari/537.36" 
203.99.198.64 - - [04/Apr/2019:02:59:56 -0700] "GET /Datasets%20Description/PE_malware/Zeus.html HTTP/1.1" 200 1536 "http://www.secrepo.com/" "Mozilla/5.0 (Windows NT 10.0; Win64; x64) AppleWebKit/537.36 (KHTML, like Gecko) Chrome/70.0.3538.67 Safari/537.36" 
203.99.198.64 - - [04/Apr/2019:02:59:38 -0700] "GET /pe_static/zeus.zip HTTP/1.1" 200 51367055 "-" "Mozilla/5.0 (Windows NT 10.0; Win64; x64) AppleWebKit/537.36 (KHTML, like Gecko) Chrome/70.0.3538.67 Safari/537.36" 
89.101.143.62 - - [04/Apr/2019:03:11:37 -0700] "GET / HTTP/1.1" 200 12511 "-" "Mozilla/5.0 (Windows NT 10.0; WOW64; Trident/7.0; rv:11.0) like Gecko" 
89.101.143.62 - - [04/Apr/2019:03:11:37 -0700] "GET /GitHub-Mark.png HTTP/1.1" 200 7427 "http://www.secrepo.com/" "Mozilla/5.0 (Windows NT 10.0; WOW64; Trident/7.0; rv:11.0) like Gecko" 
89.101.143.62 - - [04/Apr/2019:03:11:37 -0700] "GET /twitter-icon.png HTTP/1.1" 200 27788 "http://www.secrepo.com/" "Mozilla/5.0 (Windows NT 10.0; WOW64; Trident/7.0; rv:11.0) like Gecko" 
89.101.143.62 - - [04/Apr/2019:03:11:38 -0700] "GET /bootstrap/img/favicon.ico HTTP/1.1" 200 590 "-" "Mozilla/5.0 (Windows NT 10.0; Win64; x64; Trident/7.0; rv:11.0) like Gecko" 
40.77.167.134 - - [04/Apr/2019:03:12:33 -0700] "GET /Datasets%20Description/ HTTP/1.1" 200 577 "-" "Mozilla/5.0 (compatible; bingbot/2.0; +http://www.bing.com/bingbot.htm)" 
91.98.190.17 - - [04/Apr/2019:03:14:57 -0700] "GET / HTTP/1.1" 200 12511 "-" "Mozilla/5.0 (Windows NT 6.1; Win64; x64; rv:52.0) Gecko/20100101 Firefox/52.0" 
91.98.190.17 - - [04/Apr/2019:03:14:58 -0700] "GET /bootstrap/img/favicon.ico HTTP/1.1" 200 590 "-" "Mozilla/5.0 (Windows NT 6.1; Win64; x64; rv:52.0) Gecko/20100101 Firefox/52.0" 
91.98.190.17 - - [04/Apr/2019:03:14:58 -0700] "GET /twitter-icon.png HTTP/1.1" 200 27788 "http://www.secrepo.com/" "Mozilla/5.0 (Windows NT 6.1; Win64; x64; rv:52.0) Gecko/20100101 Firefox/52.0" 
91.98.190.17 - - [04/Apr/2019:03:14:58 -0700] "GET /GitHub-Mark.png HTTP/1.1" 200 7428 "http://www.secrepo.com/" "Mozilla/5.0 (Windows NT 6.1; Win64; x64; rv:52.0) Gecko/20100101 Firefox/52.0" 
81.252.192.161 - - [04/Apr/2019:03:15:12 -0700] "GET /bootstrap/img/favicon.ico HTTP/1.1" 200 590 "-" "Mozilla/5.0 (Windows NT 10.0; Win64; x64; rv:66.0) Gecko/20100101 Firefox/66.0" 
81.252.192.161 - - [04/Apr/2019:03:15:30 -0700] "GET /honeypot/BSidesDFW%20-%202014.ipynb HTTP/1.1" 200 930836 "http://www.secrepo.com/" "Mozilla/5.0 (Windows NT 10.0; Win64; x64; rv:66.0) Gecko/20100101 Firefox/66.0" 
40.77.167.134 - - [04/Apr/2019:03:15:37 -0700] "GET /self.logs/access.log.2017-09-07.gz HTTP/1.1" 200 24725 "-" "Mozilla/5.0 (compatible; bingbot/2.0; +http://www.bing.com/bingbot.htm)" 
81.252.192.161 - - [04/Apr/2019:03:16:29 -0700] "GET /honeypot/honeypot.json.zip HTTP/1.1" 200 4064698 "http://www.secrepo.com/" "Mozilla/5.0 (Windows NT 10.0; Win64; x64; rv:66.0) Gecko/20100101 Firefox/66.0" 
162.242.144.71 - - [04/Apr/2019:03:16:34 -0700] "GET /robots.txt HTTP/1.1" 301 446 "-" "Tornado-Async-Client" 
162.242.144.71 - - [04/Apr/2019:03:16:34 -0700] "GET /robots.txt HTTP/1.1" 304 130 "-" "Tornado-Async-Client" 
162.242.144.71 - - [04/Apr/2019:03:16:34 -0700] "GET /honeypot/BSidesDFW%20-%202014.ipynb HTTP/1.1" 301 484 "-" "Tornado-Async-Client" 
162.242.144.71 - - [04/Apr/2019:03:16:34 -0700] "GET /honeypot/BSidesDFW - 2014.ipynb HTTP/1.1" 404 303 "-" "Tornado-Async-Client" 
106.120.173.64 - - [04/Apr/2019:03:20:12 -0700] "GET /robots.txt HTTP/1.1" 200 252 "-" "Sogou web spider/4.0(+http://www.sogou.com/docs/help/webmasters.htm#07)" 
106.120.173.64 - - [04/Apr/2019:03:20:24 -0700] "GET / HTTP/1.1" 200 12474 "-" "Sogou web spider/4.0(+http://www.sogou.com/docs/help/webmasters.htm#07)" 
3.8.198.179 - - [04/Apr/2019:03:21:52 -0700] "GET / HTTP/1.1" 200 12511 "-" "Mozilla/5.0 (X11; Linux x86_64) AppleWebKit/537.36 (KHTML, like Gecko) Chrome/58.0.3029.81 Safari/537.36" 
14.192.214.173 - - [04/Apr/2019:03:27:42 -0700] "GET /bootstrap/img/favicon.ico HTTP/1.1" 200 590 "-" "Mozilla/5.0 (Windows NT 10.0; Win64; x64; rv:60.0) Gecko/20100101 Firefox/60.0" 
34.214.91.218 - - [04/Apr/2019:03:27:45 -0700] "GET / HTTP/1.1" 301 427 "-" "Go-http-client/1.1" 
14.192.214.173 - - [04/Apr/2019:03:27:45 -0700] "GET /bootstrap/img/favicon.ico HTTP/1.1" 200 590 "-" "Mozilla/5.0 (Windows NT 10.0; Win64; x64; rv:60.0) Gecko/20100101 Firefox/60.0" 
27.62.111.139 - - [04/Apr/2019:03:36:06 -0700] "GET / HTTP/1.1" 200 12511 "-" "Mozilla/5.0 (Linux; Android 8.1.0; Redmi 6 Pro) AppleWebKit/537.36 (KHTML, like Gecko) Chrome/73.0.3683.90 Mobile Safari/537.36" 
27.62.111.139 - - [04/Apr/2019:03:36:07 -0700] "GET /twitter-icon.png HTTP/1.1" 200 27787 "http://www.secrepo.com/" "Mozilla/5.0 (Linux; Android 8.1.0; Redmi 6 Pro) AppleWebKit/537.36 (KHTML, like Gecko) Chrome/73.0.3683.90 Mobile Safari/537.36" 
27.62.111.139 - - [04/Apr/2019:03:36:07 -0700] "GET /GitHub-Mark.png HTTP/1.1" 200 7428 "http://www.secrepo.com/" "Mozilla/5.0 (Linux; Android 8.1.0; Redmi 6 Pro) AppleWebKit/537.36 (KHTML, like Gecko) Chrome/73.0.3683.90 Mobile Safari/537.36" 
27.62.111.139 - - [04/Apr/2019:03:36:15 -0700] "GET /bootstrap/img/favicon.ico HTTP/1.1" 200 590 "http://www.secrepo.com/" "Mozilla/5.0 (Linux; Android 8.1.0; Redmi 6 Pro) AppleWebKit/537.36 (KHTML, like Gecko) Chrome/73.0.3683.90 Mobile Safari/537.36" 
27.62.111.139 - - [04/Apr/2019:03:36:27 -0700] "GET /Datasets%20Description/PE_malware/OPCleaver.html HTTP/1.1" 200 1352 "http://www.secrepo.com/" "Mozilla/5.0 (Linux; Android 8.1.0; Redmi 6 Pro) AppleWebKit/537.36 (KHTML, like Gecko) Chrome/73.0.3683.90 Mobile Safari/537.36" 
27.62.111.139 - - [04/Apr/2019:03:36:27 -0700] "GET /favicon.ico HTTP/1.1" 200 267 "http://www.secrepo.com/Datasets%20Description/PE_malware/OPCleaver.html" "Mozilla/5.0 (Linux; Android 8.1.0; Redmi 6 Pro) AppleWebKit/537.36 (KHTML, like Gecko) Chrome/73.0.3683.90 Mobile Safari/537.36" 
202.166.206.8 - - [04/Apr/2019:03:38:28 -0700] "GET / HTTP/1.1" 200 12511 "-" "Mozilla/5.0 (Windows NT 10.0; Win64; x64) AppleWebKit/537.36 (KHTML, like Gecko) Chrome/73.0.3683.86 Safari/537.36" 
202.166.206.8 - - [04/Apr/2019:03:38:30 -0700] "GET /GitHub-Mark.png HTTP/1.1" 200 7428 "http://www.secrepo.com/" "Mozilla/5.0 (Windows NT 10.0; Win64; x64) AppleWebKit/537.36 (KHTML, like Gecko) Chrome/73.0.3683.86 Safari/537.36" 
202.166.206.8 - - [04/Apr/2019:03:38:30 -0700] "GET /twitter-icon.png HTTP/1.1" 200 27787 "http://www.secrepo.com/" "Mozilla/5.0 (Windows NT 10.0; Win64; x64) AppleWebKit/537.36 (KHTML, like Gecko) Chrome/73.0.3683.86 Safari/537.36" 
202.166.206.8 - - [04/Apr/2019:03:38:34 -0700] "GET /bootstrap/img/favicon.ico HTTP/1.1" 200 590 "http://www.secrepo.com/" "Mozilla/5.0 (Windows NT 10.0; Win64; x64) AppleWebKit/537.36 (KHTML, like Gecko) Chrome/73.0.3683.86 Safari/537.36" 
91.228.167.88 - - [04/Apr/2019:03:45:34 -0700] "GET / HTTP/1.0" 200 46413 "https://socialmediascanner.eset.com" "Mozilla/5.0 (Windows NT 6.1) AppleWebKit/537.36 (KHTML, like Gecko) Chrome/31.0.1650.16 Safari/537.36" 
216.244.66.245 - - [04/Apr/2019:03:46:23 -0700] "GET /robots.txt HTTP/1.1" 200 233 "-" "Mozilla/5.0 (compatible; DotBot/1.1; http://www.opensiteexplorer.org/dotbot, help@moz.com)" 
41.223.160.131 - - [04/Apr/2019:03:47:42 -0700] "GET /tg/tg_snort_fast.7z HTTP/1.1" 304 131 "-" "Mozilla/5.0 Gecko/20100115 Firefox/3.6" 
113.171.224.176 - - [04/Apr/2019:03:48:44 -0700] "GET /honeypot/Honeypot%20-%20Howto.pdf HTTP/1.1" 200 61320 "-" "Mozilla/5.0 Gecko/20100115 Firefox/3.6" 
196.229.178.60 - - [04/Apr/2019:03:49:05 -0700] "GET /wp-login.php HTTP/1.1" 418 732 "-" "Mozilla/5.0 (Windows NT 6.1; WOW64; rv:40.0) Gecko/20100101 Firefox/40.1" 
196.229.178.60 - - [04/Apr/2019:03:49:06 -0700] "GET / HTTP/1.1" 418 732 "-" "Mozilla/5.0 (Windows NT 6.1; WOW64; rv:40.0) Gecko/20100101 Firefox/40.1" 
207.46.13.198 - - [04/Apr/2019:03:49:28 -0700] "GET /Datasets%20Description/PE_malware/Zeus.html HTTP/1.1" 200 1592 "-" "Mozilla/5.0 (compatible; bingbot/2.0; +http://www.bing.com/bingbot.htm)" 
91.228.167.88 - - [04/Apr/2019:03:55:58 -0700] "GET / HTTP/1.0" 200 46413 "https://socialmediascanner.eset.com" "Mozilla/5.0 (Windows NT 6.1) AppleWebKit/537.36 (KHTML, like Gecko) Chrome/31.0.1650.16 Safari/537.36" 
106.9.153.195 - - [04/Apr/2019:04:06:16 -0700] "GET /admin/ckfinder/ckfinder.html HTTP/1.1" 404 295 "-" "-" 
106.9.153.195 - - [04/Apr/2019:04:06:16 -0700] "GET /ewebeditor/admin/login.asp HTTP/1.1" 404 239 "-" "-" 
106.9.153.195 - - [04/Apr/2019:04:06:16 -0700] "GET /admin/ewebeditor/admin/login.php HTTP/1.1" 404 239 "-" "-" 
106.9.153.195 - - [04/Apr/2019:04:06:16 -0700] "GET /editor/ewebeditor/admin/login.php HTTP/1.1" 404 239 "-" "-" 
106.9.153.195 - - [04/Apr/2019:04:06:16 -0700] "GET /edit/admin/login.aspx HTTP/1.1" 404 239 "-" "-" 
106.9.153.195 - - [04/Apr/2019:04:06:17 -0700] "GET /ewebeditor/admin/login.aspx HTTP/1.1" 404 239 "-" "-" 
106.9.153.195 - - [04/Apr/2019:04:06:17 -0700] "GET /edit/admin/login.php HTTP/1.1" 404 239 "-" "-" 
106.9.153.195 - - [04/Apr/2019:04:06:17 -0700] "GET /editor/ewebeditor/admin/login.asp HTTP/1.1" 404 239 "-" "-" 
106.9.153.195 - - [04/Apr/2019:04:06:17 -0700] "GET /editor/ewebeditor/admin/login.aspx HTTP/1.1" 404 239 "-" "-" 
106.9.153.195 - - [04/Apr/2019:04:06:17 -0700] "GET /webeditor/admin/login.php HTTP/1.1" 404 239 "-" "-" 
106.9.153.195 - - [04/Apr/2019:04:06:17 -0700] "GET /webeditor/admin/login.aspx HTTP/1.1" 404 239 "-" "-" 
106.9.153.195 - - [04/Apr/2019:04:06:17 -0700] "GET /webeditor/admin/login.asp HTTP/1.1" 404 239 "-" "-" 
106.9.153.195 - - [04/Apr/2019:04:06:17 -0700] "GET /admin/edit/admin/login.aspx HTTP/1.1" 404 239 "-" "-" 
106.9.153.195 - - [04/Apr/2019:04:06:17 -0700] "GET /admin/edit/admin/login.asp HTTP/1.1" 404 239 "-" "-" 
106.9.153.195 - - [04/Apr/2019:04:06:17 -0700] "GET /admin/edit/admin/login.php HTTP/1.1" 404 239 "-" "-" 
106.9.153.195 - - [04/Apr/2019:04:06:17 -0700] "GET /admin/webeditor/admin/login.php HTTP/1.1" 404 239 "-" "-" 
106.9.153.195 - - [04/Apr/2019:04:06:17 -0700] "GET /admin/webeditor/admin/login.aspx HTTP/1.1" 404 239 "-" "-" 
106.9.153.195 - - [04/Apr/2019:04:06:17 -0700] "GET /admin/webeditor/admin/login.asp HTTP/1.1" 404 239 "-" "-" 
106.9.153.195 - - [04/Apr/2019:04:06:20 -0700] "GET /edit/admin/login.asp HTTP/1.1" 404 239 "-" "-" 
223.166.21.231 - - [04/Apr/2019:04:08:29 -0700] "GET /favicon.ico HTTP/1.1" 200 268 "-" "Mozilla/5.0 (Windows NT 10.0; WOW64) AppleWebKit/537.36 (KHTML, like Gecko) Chrome/58.0.3029.110 Safari/537.36 SE 2.X MetaSr 1.0" 
189.18.30.185 - - [04/Apr/2019:04:11:20 -0700] "GET / HTTP/1.1" 200 12511 "-" "Mozilla/5.0 (Windows NT 10.0; Win64; x64) AppleWebKit/537.36 (KHTML, like Gecko) Chrome/73.0.3683.86 Safari/537.36" 
189.18.30.185 - - [04/Apr/2019:04:11:21 -0700] "GET /twitter-icon.png HTTP/1.1" 200 27787 "http://www.secrepo.com/" "Mozilla/5.0 (Windows NT 10.0; Win64; x64) AppleWebKit/537.36 (KHTML, like Gecko) Chrome/73.0.3683.86 Safari/537.36" 
189.18.30.185 - - [04/Apr/2019:04:11:21 -0700] "GET /GitHub-Mark.png HTTP/1.1" 200 7428 "http://www.secrepo.com/" "Mozilla/5.0 (Windows NT 10.0; Win64; x64) AppleWebKit/537.36 (KHTML, like Gecko) Chrome/73.0.3683.86 Safari/537.36" 
189.18.30.185 - - [04/Apr/2019:04:11:22 -0700] "GET /bootstrap/img/favicon.ico HTTP/1.1" 200 589 "http://www.secrepo.com/" "Mozilla/5.0 (Windows NT 10.0; Win64; x64) AppleWebKit/537.36 (KHTML, like Gecko) Chrome/73.0.3683.86 Safari/537.36" 
41.223.160.131 - - [04/Apr/2019:04:13:03 -0700] "GET /maccdc2012/dns.log.gz HTTP/1.1" 304 154 "-" "Mozilla/5.0 Gecko/20100115 Firefox/3.6" 
216.244.66.245 - - [04/Apr/2019:04:15:27 -0700] "GET /self.logs/access.log.2015-10-06.gz HTTP/1.1" 404 239 "-" "Mozilla/5.0 (compatible; DotBot/1.1; http://www.opensiteexplorer.org/dotbot, help@moz.com)" 
216.244.66.245 - - [04/Apr/2019:04:15:28 -0700] "GET /self.logs/access.log.2015-10-20.gz HTTP/1.1" 404 239 "-" "Mozilla/5.0 (compatible; DotBot/1.1; http://www.opensiteexplorer.org/dotbot, help@moz.com)" 
216.244.66.245 - - [04/Apr/2019:04:15:30 -0700] "GET /self.logs/access.log.2016-01-09.gz HTTP/1.1" 404 239 "-" "Mozilla/5.0 (compatible; DotBot/1.1; http://www.opensiteexplorer.org/dotbot, help@moz.com)" 
216.244.66.245 - - [04/Apr/2019:04:15:32 -0700] "GET /self.logs/access.log.2016-02-28.gz HTTP/1.1" 404 239 "-" "Mozilla/5.0 (compatible; DotBot/1.1; http://www.opensiteexplorer.org/dotbot, help@moz.com)" 
216.244.66.245 - - [04/Apr/2019:04:15:33 -0700] "GET /self.logs/access.log.2016-08-09.gz HTTP/1.1" 404 239 "-" "Mozilla/5.0 (compatible; DotBot/1.1; http://www.opensiteexplorer.org/dotbot, help@moz.com)" 
216.244.66.245 - - [04/Apr/2019:04:15:35 -0700] "GET /self.logs/error.log.2016-06-12.gz HTTP/1.1" 404 239 "-" "Mozilla/5.0 (compatible; DotBot/1.1; http://www.opensiteexplorer.org/dotbot, help@moz.com)" 
207.46.13.198 - - [04/Apr/2019:04:31:14 -0700] "GET /self.logs/access.log.2017-07-31.gz HTTP/1.1" 200 52295 "-" "Mozilla/5.0 (compatible; bingbot/2.0; +http://www.bing.com/bingbot.htm)" 
216.244.66.245 - - [04/Apr/2019:04:33:47 -0700] "GET /robots.txt HTTP/1.1" 200 233 "-" "Mozilla/5.0 (compatible; DotBot/1.1; http://www.opensiteexplorer.org/dotbot, help@moz.com)" 
203.190.53.58 - - [04/Apr/2019:04:43:41 -0700] "GET /honeypot/Honeypot%20-%20Howto.pdf HTTP/1.1" 200 1279418 "http://www.secrepo.com/" "Mozilla/5.0 (Macintosh; Intel Mac OS X 10_12_0) AppleWebKit/537.36 (KHTML, like Gecko) Chrome/66.0.3359.117 Safari/537.36" 
136.206.217.50 - - [04/Apr/2019:04:47:23 -0700] "GET / HTTP/1.1" 200 12511 "-" "Mozilla/5.0 (Windows NT 10.0; Win64; x64) AppleWebKit/537.36 (KHTML, like Gecko) Chrome/64.0.3282.140 Safari/537.36 Edge/17.17134" 
136.206.217.50 - - [04/Apr/2019:04:47:23 -0700] "GET /twitter-icon.png HTTP/1.1" 200 27787 "http://www.secrepo.com/" "Mozilla/5.0 (Windows NT 10.0; Win64; x64) AppleWebKit/537.36 (KHTML, like Gecko) Chrome/64.0.3282.140 Safari/537.36 Edge/17.17134" 
136.206.217.50 - - [04/Apr/2019:04:47:23 -0700] "GET /GitHub-Mark.png HTTP/1.1" 200 7428 "http://www.secrepo.com/" "Mozilla/5.0 (Windows NT 10.0; Win64; x64) AppleWebKit/537.36 (KHTML, like Gecko) Chrome/64.0.3282.140 Safari/537.36 Edge/17.17134" 
136.206.217.50 - - [04/Apr/2019:04:47:23 -0700] "GET /bootstrap/img/favicon.ico HTTP/1.1" 200 590 "-" "Mozilla/5.0 (Windows NT 10.0; Win64; x64) AppleWebKit/537.36 (KHTML, like Gecko) Chrome/64.0.3282.140 Safari/537.36 Edge/17.17134" 
113.171.224.176 - - [04/Apr/2019:04:52:19 -0700] "GET /honeypot/Honeypot%20-%20Howto.pdf HTTP/1.1" 200 61320 "-" "Mozilla/5.0 Gecko/20100115 Firefox/3.6" 
193.144.39.201 - - [04/Apr/2019:04:54:58 -0700] "GET / HTTP/1.1" 200 12511 "-" "Mozilla/5.0 (Windows NT 6.1; Win64; x64; rv:66.0) Gecko/20100101 Firefox/66.0" 
193.144.39.201 - - [04/Apr/2019:04:54:58 -0700] "GET /twitter-icon.png HTTP/1.1" 200 27787 "http://www.secrepo.com/" "Mozilla/5.0 (Windows NT 6.1; Win64; x64; rv:66.0) Gecko/20100101 Firefox/66.0" 
193.144.39.201 - - [04/Apr/2019:04:54:58 -0700] "GET /GitHub-Mark.png HTTP/1.1" 200 7428 "http://www.secrepo.com/" "Mozilla/5.0 (Windows NT 6.1; Win64; x64; rv:66.0) Gecko/20100101 Firefox/66.0" 
193.144.39.201 - - [04/Apr/2019:04:54:58 -0700] "GET /bootstrap/img/favicon.ico HTTP/1.1" 200 589 "-" "Mozilla/5.0 (Windows NT 6.1; Win64; x64; rv:66.0) Gecko/20100101 Firefox/66.0" 
54.36.149.56 - - [04/Apr/2019:04:57:32 -0700] "GET /robots.txt HTTP/1.1" 200 304 "-" "Mozilla/5.0 (compatible; AhrefsBot/6.1; +http://ahrefs.com/robot/)" 
200.109.220.20 - - [04/Apr/2019:05:03:30 -0700] "GET /wp-login.php HTTP/1.1" 418 732 "-" "Mozilla/5.0 (Windows NT 6.1; WOW64; rv:40.0) Gecko/20100101 Firefox/40.1" 
216.244.66.245 - - [04/Apr/2019:05:03:56 -0700] "GET /self.logs/access.log.2015-01-31.gz HTTP/1.1" 404 239 "-" "Mozilla/5.0 (compatible; DotBot/1.1; http://www.opensiteexplorer.org/dotbot, help@moz.com)" 
216.244.66.245 - - [04/Apr/2019:05:03:58 -0700] "GET /self.logs/access.log.2016-07-07.gz HTTP/1.1" 404 239 "-" "Mozilla/5.0 (compatible; DotBot/1.1; http://www.opensiteexplorer.org/dotbot, help@moz.com)" 
216.244.66.245 - - [04/Apr/2019:05:04:00 -0700] "GET /self.logs/error.log.2015-07-21.gz HTTP/1.1" 404 239 "-" "Mozilla/5.0 (compatible; DotBot/1.1; http://www.opensiteexplorer.org/dotbot, help@moz.com)" 
216.244.66.245 - - [04/Apr/2019:05:04:02 -0700] "GET /self.logs/error.log.2016-01-07.gz HTTP/1.1" 404 239 "-" "Mozilla/5.0 (compatible; DotBot/1.1; http://www.opensiteexplorer.org/dotbot, help@moz.com)" 
91.228.167.88 - - [04/Apr/2019:05:04:05 -0700] "GET / HTTP/1.0" 200 46413 "https://socialmediascanner.eset.com" "Mozilla/5.0 (Windows NT 6.1) AppleWebKit/537.36 (KHTML, like Gecko) Chrome/31.0.1650.16 Safari/537.36" 
157.55.39.59 - - [04/Apr/2019:05:06:10 -0700] "GET /Datasets%20Description/Network/ssh.html HTTP/1.1" 200 1262 "-" "Mozilla/5.0 (compatible; bingbot/2.0; +http://www.bing.com/bingbot.htm)" 
100.27.37.89 - - [04/Apr/2019:05:09:36 -0700] "GET / HTTP/1.1" 301 446 "-" "Mozilla/5.0 (X11; Linux x86_64) AppleWebKit/537.36 (KHTML, like Gecko) Chrome/43.0.2357.134 Safari/537.36 http://notifyninja.com/monitoring" 
100.27.37.89 - - [04/Apr/2019:05:09:36 -0700] "GET / HTTP/1.1" 200 12474 "-" "Mozilla/5.0 (X11; Linux x86_64) AppleWebKit/537.36 (KHTML, like Gecko) Chrome/43.0.2357.134 Safari/537.36 http://notifyninja.com/monitoring" 
216.244.66.245 - - [04/Apr/2019:05:14:24 -0700] "GET /Datasets%20Description/Network/N/A HTTP/1.1" 404 239 "-" "Mozilla/5.0 (compatible; DotBot/1.1; http://www.opensiteexplorer.org/dotbot, help@moz.com)" 
91.228.167.88 - - [04/Apr/2019:05:14:46 -0700] "GET / HTTP/1.0" 200 46413 "https://socialmediascanner.eset.com" "Mozilla/5.0 (Windows NT 6.1) AppleWebKit/537.36 (KHTML, like Gecko) Chrome/31.0.1650.16 Safari/537.36" 
157.55.39.59 - - [04/Apr/2019:05:24:26 -0700] "GET /self.logs/access.log.2017-08-29.gz HTTP/1.1" 200 24964 "-" "Mozilla/5.0 (compatible; bingbot/2.0; +http://www.bing.com/bingbot.htm)" 
119.5.72.245 - - [04/Apr/2019:05:27:12 -0700] "HEAD / HTTP/1.1" 200 295 "http://www.secrepo.com/" "Mozilla/5.0 (compatible; Baiduspider/2.0; +http://www.baidu.com/search/spider.html\xa3\xa9" 
119.5.72.245 - - [04/Apr/2019:05:27:13 -0700] "GET //plus/download.php?open=1&arrs1[]=99&arrs1[]=102&arrs1[]=103&arrs1[]=95&arrs1[]=100&arrs1[]=98&arrs1[]=112&arrs1[]=114&arrs1[]=101&arrs1[]=102&arrs1[]=105&arrs1[]=120&arrs2[]=109&arrs2[]=121&arrs2[]=97&arrs2[]=100&arrs2[]=96&arrs2[]=32&arrs2[]=83&arrs2[]=69&arrs2[]=84&arrs2[]=32&arrs2[]=96&arrs2[]=110&arrs2[]=111&arrs2[]=114&arrs2[]=109&arrs2[]=98&arrs2[]=111&arrs2[]=100&arrs2[]=121&arrs2[]=96&arrs2[]=32&arrs2[]=61&arrs2[]=32&arrs2[]=39&arrs2[]=60&arrs2[]=63&arrs2[]=112&arrs2[]=104&arrs2[]=112&arrs2[]=32&arrs2[]=102&arrs2[]=105&arrs2[]=108&arrs2[]=101&arrs2[]=95&arrs2[]=112&arrs2[]=117&arrs2[]=116&arrs2[]=95&arrs2[]=99&arrs2[]=111&arrs2[]=110&arrs2[]=116&arrs2[]=101&arrs2[]=110&arrs2[]=116&arrs2[]=115&arrs2[]=40&arrs2[]=39&arrs2[]=39&arrs2[]=109&arrs2[]=111&arrs2[]=111&arrs2[]=110&arrs2[]=46&arrs2[]=112&arrs2[]=104&arrs2[]=112&arrs2[]=39&arrs2[]=39&arrs2[]=44&arrs2[]=39&arrs2[]=39&arrs2[]=60&arrs2[]=63&arrs2[]=112&arrs2[]=104&arrs2[]=112&arrs2[]=32&arrs2[]=101&arrs2[]=118&arrs2[]=97&arrs2[]=108&arrs2[]=40&arrs2[]=36&arrs2[]=95&arrs2[]=80&arrs2[]=79&arrs2[]=83&arrs2[]=84&arrs2[]=91&arrs2[]=120&arrs2[]=93&arrs2[]=41&arrs2[]=59&arrs2[]=101&arrs2[]=99&arrs2[]=104&arrs2[]=111&arrs2[]=32&arrs2[]=109&arrs2[]=79&arrs2[]=111&arrs2[]=110&arrs2[]=59&arrs2[]=63&arrs2[]=62&arrs2[]=39&arrs2[]=39&arrs2[]=41&arrs2[]=59&arrs2[]=63&arrs2[]=62&arrs2[]=39&arrs2[]=32&arrs2[]=87&arrs2[]=72&arrs2[]=69&arrs2[]=82&arrs2[]=69&arrs2[]=32&arrs2[]=96&arrs2[]=97&arrs2[]=105&arrs2[]=100&arrs2[]=96&arrs2[]=32&arrs2[]=61&arrs2[]=49&arrs2[]=57&arrs2[]=32&arrs2[]=35 HTTP/1.1" 418 731 "http://www.secrepo.com/" "Mozilla/5.0 (compatible; Baiduspider/2.0; +http://www.baidu.com/search/spider.html\xa3\xa9" 
119.5.72.245 - - [04/Apr/2019:05:27:13 -0700] "GET //plus/ad_js.php?aid=19 HTTP/1.1" 404 295 "http://www.secrepo.com/" "Mozilla/5.0 (compatible; Baiduspider/2.0; +http://www.baidu.com/search/spider.html\xa3\xa9" 
119.5.72.245 - - [04/Apr/2019:05:27:14 -0700] "GET //plus/moon.php HTTP/1.1" 404 294 "http://www.secrepo.com/" "Mozilla/5.0 (compatible; Baiduspider/2.0; +http://www.baidu.com/search/spider.html\xa3\xa9" 
81.252.192.161 - - [04/Apr/2019:05:28:19 -0700] "GET /self.logs/ HTTP/1.1" 200 15704 "http://www.secrepo.com/" "Mozilla/5.0 (Windows NT 10.0; Win64; x64; rv:66.0) Gecko/20100101 Firefox/66.0" 
198.108.66.176 - - [04/Apr/2019:05:31:38 -0700] "GET / HTTP/1.1" 301 427 "-" "Mozilla/5.0 zgrab/0.x" 
198.108.66.176 - - [04/Apr/2019:05:31:38 -0700] "GET / HTTP/1.1" 200 12455 "http://66.33.221.139:80/" "Mozilla/5.0 zgrab/0.x" 
209.15.209.89 - - [04/Apr/2019:05:33:52 -0700] "HEAD / HTTP/1.1" 200 239 "-" "-" 
76.183.103.176 - - [04/Apr/2019:05:33:52 -0700] "GET / HTTP/1.1" 200 12511 "https://www.researchgate.net/" "Mozilla/5.0 (Windows NT 10.0; Win64; x64) AppleWebKit/537.36 (KHTML, like Gecko) Chrome/73.0.3683.86 Safari/537.36" 
76.183.103.176 - - [04/Apr/2019:05:33:52 -0700] "GET /twitter-icon.png HTTP/1.1" 200 27787 "http://www.secrepo.com/" "Mozilla/5.0 (Windows NT 10.0; Win64; x64) AppleWebKit/537.36 (KHTML, like Gecko) Chrome/73.0.3683.86 Safari/537.36" 
76.183.103.176 - - [04/Apr/2019:05:33:53 -0700] "GET /GitHub-Mark.png HTTP/1.1" 200 7428 "http://www.secrepo.com/" "Mozilla/5.0 (Windows NT 10.0; Win64; x64) AppleWebKit/537.36 (KHTML, like Gecko) Chrome/73.0.3683.86 Safari/537.36" 
76.183.103.176 - - [04/Apr/2019:05:33:53 -0700] "GET /bootstrap/img/favicon.ico HTTP/1.1" 200 589 "http://www.secrepo.com/" "Mozilla/5.0 (Windows NT 10.0; Win64; x64) AppleWebKit/537.36 (KHTML, like Gecko) Chrome/73.0.3683.86 Safari/537.36" 
84.14.123.182 - - [04/Apr/2019:05:48:52 -0700] "GET / HTTP/1.1" 200 12511 "-" "Mozilla/5.0 (Windows NT 10.0; Win64; x64) AppleWebKit/537.36 (KHTML, like Gecko) Chrome/73.0.3683.86 Safari/537.36" 
84.14.123.182 - - [04/Apr/2019:05:48:53 -0700] "GET /twitter-icon.png HTTP/1.1" 200 27787 "http://www.secrepo.com/" "Mozilla/5.0 (Windows NT 10.0; Win64; x64) AppleWebKit/537.36 (KHTML, like Gecko) Chrome/73.0.3683.86 Safari/537.36" 
84.14.123.182 - - [04/Apr/2019:05:48:53 -0700] "GET /GitHub-Mark.png HTTP/1.1" 200 7428 "http://www.secrepo.com/" "Mozilla/5.0 (Windows NT 10.0; Win64; x64) AppleWebKit/537.36 (KHTML, like Gecko) Chrome/73.0.3683.86 Safari/537.36" 
84.14.123.182 - - [04/Apr/2019:05:48:54 -0700] "GET /bootstrap/img/favicon.ico HTTP/1.1" 200 589 "http://www.secrepo.com/" "Mozilla/5.0 (Windows NT 10.0; Win64; x64) AppleWebKit/537.36 (KHTML, like Gecko) Chrome/73.0.3683.86 Safari/537.36" 
66.7.149.135 - - [04/Apr/2019:05:49:09 -0700] "GET / HTTP/1.1" 301 498 "-" "Mozilla/5.0 (Windows NT 10.0; Win64; x64) AppleWebKit/537.36 (KHTML, like Gecko) Chrome/63.0.3239.132 Safari/537.36" 
66.7.149.135 - - [04/Apr/2019:05:49:09 -0700] "GET /wp-includes/wlwmanifest.xml HTTP/1.1" 301 551 "-" "Mozilla/5.0 (Windows NT 10.0; Win64; x64) AppleWebKit/537.36 (KHTML, like Gecko) Chrome/63.0.3239.132 Safari/537.36" 
66.7.149.135 - - [04/Apr/2019:05:49:09 -0700] "GET /xmlrpc.php?rsd HTTP/1.1" 301 525 "-" "Mozilla/5.0 (Windows NT 10.0; Win64; x64) AppleWebKit/537.36 (KHTML, like Gecko) Chrome/63.0.3239.132 Safari/537.36" 
66.7.149.135 - - [04/Apr/2019:05:49:09 -0700] "GET / HTTP/1.1" 301 497 "-" "Mozilla/5.0 (Windows NT 10.0; Win64; x64) AppleWebKit/537.36 (KHTML, like Gecko) Chrome/63.0.3239.132 Safari/537.36" 
66.7.149.135 - - [04/Apr/2019:05:49:09 -0700] "GET /blog/wp-includes/wlwmanifest.xml HTTP/1.1" 301 561 "-" "Mozilla/5.0 (Windows NT 10.0; Win64; x64) AppleWebKit/537.36 (KHTML, like Gecko) Chrome/63.0.3239.132 Safari/537.36" 
66.7.149.135 - - [04/Apr/2019:05:49:09 -0700] "GET /web/wp-includes/wlwmanifest.xml HTTP/1.1" 301 559 "-" "Mozilla/5.0 (Windows NT 10.0; Win64; x64) AppleWebKit/537.36 (KHTML, like Gecko) Chrome/63.0.3239.132 Safari/537.36" 
66.7.149.135 - - [04/Apr/2019:05:49:09 -0700] "GET /wordpress/wp-includes/wlwmanifest.xml HTTP/1.1" 301 571 "-" "Mozilla/5.0 (Windows NT 10.0; Win64; x64) AppleWebKit/537.36 (KHTML, like Gecko) Chrome/63.0.3239.132 Safari/537.36" 
66.7.149.135 - - [04/Apr/2019:05:49:09 -0700] "GET /website/wp-includes/wlwmanifest.xml HTTP/1.1" 301 567 "-" "Mozilla/5.0 (Windows NT 10.0; Win64; x64) AppleWebKit/537.36 (KHTML, like Gecko) Chrome/63.0.3239.132 Safari/537.36" 
66.7.149.135 - - [04/Apr/2019:05:49:09 -0700] "GET /wp/wp-includes/wlwmanifest.xml HTTP/1.1" 301 557 "-" "Mozilla/5.0 (Windows NT 10.0; Win64; x64) AppleWebKit/537.36 (KHTML, like Gecko) Chrome/63.0.3239.132 Safari/537.36" 
66.7.149.135 - - [04/Apr/2019:05:49:09 -0700] "GET /news/wp-includes/wlwmanifest.xml HTTP/1.1" 301 561 "-" "Mozilla/5.0 (Windows NT 10.0; Win64; x64) AppleWebKit/537.36 (KHTML, like Gecko) Chrome/63.0.3239.132 Safari/537.36" 
66.7.149.135 - - [04/Apr/2019:05:49:09 -0700] "GET /2015/wp-includes/wlwmanifest.xml HTTP/1.1" 301 561 "-" "Mozilla/5.0 (Windows NT 10.0; Win64; x64) AppleWebKit/537.36 (KHTML, like Gecko) Chrome/63.0.3239.132 Safari/537.36" 
66.7.149.135 - - [04/Apr/2019:05:49:09 -0700] "GET /2016/wp-includes/wlwmanifest.xml HTTP/1.1" 301 561 "-" "Mozilla/5.0 (Windows NT 10.0; Win64; x64) AppleWebKit/537.36 (KHTML, like Gecko) Chrome/63.0.3239.132 Safari/537.36" 
66.7.149.135 - - [04/Apr/2019:05:49:09 -0700] "GET /2017/wp-includes/wlwmanifest.xml HTTP/1.1" 301 561 "-" "Mozilla/5.0 (Windows NT 10.0; Win64; x64) AppleWebKit/537.36 (KHTML, like Gecko) Chrome/63.0.3239.132 Safari/537.36" 
66.7.149.135 - - [04/Apr/2019:05:49:09 -0700] "GET /2018/wp-includes/wlwmanifest.xml HTTP/1.1" 301 561 "-" "Mozilla/5.0 (Windows NT 10.0; Win64; x64) AppleWebKit/537.36 (KHTML, like Gecko) Chrome/63.0.3239.132 Safari/537.36" 
66.7.149.135 - - [04/Apr/2019:05:49:09 -0700] "GET /shop/wp-includes/wlwmanifest.xml HTTP/1.1" 301 561 "-" "Mozilla/5.0 (Windows NT 10.0; Win64; x64) AppleWebKit/537.36 (KHTML, like Gecko) Chrome/63.0.3239.132 Safari/537.36" 
66.7.149.135 - - [04/Apr/2019:05:49:09 -0700] "GET /wp1/wp-includes/wlwmanifest.xml HTTP/1.1" 301 559 "-" "Mozilla/5.0 (Windows NT 10.0; Win64; x64) AppleWebKit/537.36 (KHTML, like Gecko) Chrome/63.0.3239.132 Safari/537.36" 
66.7.149.135 - - [04/Apr/2019:05:49:09 -0700] "GET /test/wp-includes/wlwmanifest.xml HTTP/1.1" 301 561 "-" "Mozilla/5.0 (Windows NT 10.0; Win64; x64) AppleWebKit/537.36 (KHTML, like Gecko) Chrome/63.0.3239.132 Safari/537.36" 
66.7.149.135 - - [04/Apr/2019:05:49:09 -0700] "GET /media/wp-includes/wlwmanifest.xml HTTP/1.1" 301 563 "-" "Mozilla/5.0 (Windows NT 10.0; Win64; x64) AppleWebKit/537.36 (KHTML, like Gecko) Chrome/63.0.3239.132 Safari/537.36" 
66.7.149.135 - - [04/Apr/2019:05:49:09 -0700] "GET /wp2/wp-includes/wlwmanifest.xml HTTP/1.1" 301 559 "-" "Mozilla/5.0 (Windows NT 10.0; Win64; x64) AppleWebKit/537.36 (KHTML, like Gecko) Chrome/63.0.3239.132 Safari/537.36" 
66.7.149.135 - - [04/Apr/2019:05:49:09 -0700] "GET /site/wp-includes/wlwmanifest.xml HTTP/1.1" 301 561 "-" "Mozilla/5.0 (Windows NT 10.0; Win64; x64) AppleWebKit/537.36 (KHTML, like Gecko) Chrome/63.0.3239.132 Safari/537.36" 
66.7.149.135 - - [04/Apr/2019:05:49:09 -0700] "GET /cms/wp-includes/wlwmanifest.xml HTTP/1.1" 301 559 "-" "Mozilla/5.0 (Windows NT 10.0; Win64; x64) AppleWebKit/537.36 (KHTML, like Gecko) Chrome/63.0.3239.132 Safari/537.36" 
66.7.149.135 - - [04/Apr/2019:05:49:09 -0700] "GET /sito/wp-includes/wlwmanifest.xml HTTP/1.1" 301 561 "-" "Mozilla/5.0 (Windows NT 10.0; Win64; x64) AppleWebKit/537.36 (KHTML, like Gecko) Chrome/63.0.3239.132 Safari/537.36" 
208.80.194.31 - - [04/Apr/2019:05:49:49 -0700] "GET / HTTP/1.0" 200 46413 "-" "Mozilla/5.0 (Windows; U; Windows NT 6.1; en-US; rv:1.9.2.23) Gecko/20110920 Firefox/3.6.23" 
84.14.123.182 - - [04/Apr/2019:05:51:33 -0700] "GET /Datasets%20Description/Network/weird.html HTTP/1.1" 200 1539 "http://www.secrepo.com/" "Mozilla/5.0 (Windows NT 10.0; Win64; x64) AppleWebKit/537.36 (KHTML, like Gecko) Chrome/73.0.3683.86 Safari/537.36" 
84.14.123.182 - - [04/Apr/2019:05:51:34 -0700] "GET /favicon.ico HTTP/1.1" 200 267 "http://www.secrepo.com/Datasets%20Description/Network/weird.html" "Mozilla/5.0 (Windows NT 10.0; Win64; x64) AppleWebKit/537.36 (KHTML, like Gecko) Chrome/73.0.3683.86 Safari/537.36" 
41.242.139.13 - - [04/Apr/2019:05:54:59 -0700] "GET /favicon.ico HTTP/1.1" 200 268 "-" "Mozilla/5.0 (Windows NT 10.0; Win64; x64; rv:66.0) Gecko/20100101 Firefox/66.0" 
41.242.139.13 - - [04/Apr/2019:05:54:59 -0700] "GET /honeypot/Honeypot%20-%20Howto.pdf HTTP/1.1" 206 65867 "https://www.google.com/" "Mozilla/5.0 (Windows NT 10.0; Win64; x64; rv:66.0) Gecko/20100101 Firefox/66.0" 
41.242.139.13 - - [04/Apr/2019:05:55:00 -0700] "GET /honeypot/Honeypot%20-%20Howto.pdf HTTP/1.1" 206 34291 "https://www.google.com/" "Mozilla/5.0 (Windows NT 10.0; Win64; x64; rv:66.0) Gecko/20100101 Firefox/66.0" 
41.242.139.13 - - [04/Apr/2019:05:55:02 -0700] "GET /honeypot/Honeypot%20-%20Howto.pdf HTTP/1.1" 206 65875 "https://www.google.com/" "Mozilla/5.0 (Windows NT 10.0; Win64; x64; rv:66.0) Gecko/20100101 Firefox/66.0" 
41.242.139.13 - - [04/Apr/2019:05:54:58 -0700] "GET /honeypot/Honeypot%20-%20Howto.pdf HTTP/1.1" 200 1279418 "https://www.google.com/" "Mozilla/5.0 (Windows NT 10.0; Win64; x64; rv:66.0) Gecko/20100101 Firefox/66.0" 
41.242.139.13 - - [04/Apr/2019:05:55:03 -0700] "GET /honeypot/Honeypot%20-%20Howto.pdf HTTP/1.1" 206 524626 "https://www.google.com/" "Mozilla/5.0 (Windows NT 10.0; Win64; x64; rv:66.0) Gecko/20100101 Firefox/66.0" 
113.171.224.176 - - [04/Apr/2019:05:56:41 -0700] "GET /honeypot/Honeypot%20-%20Howto.pdf HTTP/1.1" 200 61320 "-" "Mozilla/5.0 Gecko/20100115 Firefox/3.6" 
84.14.135.42 - - [04/Apr/2019:05:59:43 -0700] "GET / HTTP/1.1" 304 189 "-" "Mozilla/5.0 (Windows NT 10.0; Win64; x64; rv:66.0) Gecko/20100101 Firefox/66.0" 
84.14.135.42 - - [04/Apr/2019:05:59:43 -0700] "GET /twitter-icon.png HTTP/1.1" 304 166 "http://www.secrepo.com/" "Mozilla/5.0 (Windows NT 10.0; Win64; x64; rv:66.0) Gecko/20100101 Firefox/66.0" 
84.14.135.42 - - [04/Apr/2019:05:59:43 -0700] "GET /GitHub-Mark.png HTTP/1.1" 304 165 "http://www.secrepo.com/" "Mozilla/5.0 (Windows NT 10.0; Win64; x64; rv:66.0) Gecko/20100101 Firefox/66.0" 
84.14.135.42 - - [04/Apr/2019:05:59:46 -0700] "GET /Datasets%20Description/Network/dhcp.html HTTP/1.1" 200 1355 "http://www.secrepo.com/" "Mozilla/5.0 (Windows NT 10.0; Win64; x64; rv:66.0) Gecko/20100101 Firefox/66.0" 
84.14.135.42 - - [04/Apr/2019:05:59:46 -0700] "GET /favicon.ico HTTP/1.1" 200 267 "-" "Mozilla/5.0 (Windows NT 10.0; Win64; x64; rv:66.0) Gecko/20100101 Firefox/66.0" 
84.14.123.182 - - [04/Apr/2019:06:06:46 -0700] "GET /Datasets%20Description/HTML_Bro_log_1 HTTP/1.1" 301 552 "http://www.secrepo.com/" "Mozilla/5.0 (Windows NT 10.0; Win64; x64) AppleWebKit/537.36 (KHTML, like Gecko) Chrome/73.0.3683.86 Safari/537.36" 
84.14.123.182 - - [04/Apr/2019:06:06:46 -0700] "GET /Datasets%20Description/HTML_Bro_log_1/ HTTP/1.1" 200 733 "http://www.secrepo.com/" "Mozilla/5.0 (Windows NT 10.0; Win64; x64) AppleWebKit/537.36 (KHTML, like Gecko) Chrome/73.0.3683.86 Safari/537.36" 
84.14.123.182 - - [04/Apr/2019:06:06:52 -0700] "GET /Datasets%20Description/Network/dhcp.html HTTP/1.1" 200 1355 "http://www.secrepo.com/" "Mozilla/5.0 (Windows NT 10.0; Win64; x64) AppleWebKit/537.36 (KHTML, like Gecko) Chrome/73.0.3683.86 Safari/537.36" 
84.14.123.182 - - [04/Apr/2019:06:07:36 -0700] "GET /Datasets%20Description/Network/dns.html HTTP/1.1" 200 1437 "http://www.secrepo.com/" "Mozilla/5.0 (Windows NT 10.0; Win64; x64) AppleWebKit/537.36 (KHTML, like Gecko) Chrome/73.0.3683.86 Safari/537.36" 
61.150.43.52 - - [04/Apr/2019:06:08:33 -0700] "GET /favicon.ico HTTP/1.1" 200 268 "-" "Mozilla/5.0 (Windows NT 10.0; WOW64) AppleWebKit/537.36 (KHTML, like Gecko) Chrome/49.0.2623.221 Safari/537.36 SE 2.X MetaSr 1.0" 
84.14.123.182 - - [04/Apr/2019:06:09:24 -0700] "GET /Datasets%20Description/Network/ftp.html HTTP/1.1" 200 1424 "http://www.secrepo.com/" "Mozilla/5.0 (Windows NT 10.0; Win64; x64) AppleWebKit/537.36 (KHTML, like Gecko) Chrome/73.0.3683.86 Safari/537.36" 
84.14.123.182 - - [04/Apr/2019:06:12:59 -0700] "GET /Datasets%20Description/HTML_Bro_log_1/ HTTP/1.1" 200 734 "http://www.secrepo.com/" "Mozilla/5.0 (Windows NT 10.0; Win64; x64) AppleWebKit/537.36 (KHTML, like Gecko) Chrome/73.0.3683.86 Safari/537.36" 
84.14.123.182 - - [04/Apr/2019:06:13:05 -0700] "GET /Datasets%20Description/HTML_Bro_log_1/conn.html HTTP/1.1" 200 1905 "http://www.secrepo.com/Datasets%20Description/HTML_Bro_log_1/" "Mozilla/5.0 (Windows NT 10.0; Win64; x64) AppleWebKit/537.36 (KHTML, like Gecko) Chrome/73.0.3683.86 Safari/537.36" 
84.14.123.182 - - [04/Apr/2019:06:13:13 -0700] "GET /Datasets%20Description/HTML_Bro_log_2 HTTP/1.1" 301 552 "http://www.secrepo.com/" "Mozilla/5.0 (Windows NT 10.0; Win64; x64) AppleWebKit/537.36 (KHTML, like Gecko) Chrome/73.0.3683.86 Safari/537.36" 
84.14.123.182 - - [04/Apr/2019:06:13:13 -0700] "GET /Datasets%20Description/HTML_Bro_log_2/ HTTP/1.1" 200 732 "http://www.secrepo.com/" "Mozilla/5.0 (Windows NT 10.0; Win64; x64) AppleWebKit/537.36 (KHTML, like Gecko) Chrome/73.0.3683.86 Safari/537.36" 
179.210.198.122 - - [04/Apr/2019:06:15:01 -0700] "GET / HTTP/1.1" 200 12511 "-" "Mozilla/5.0 (Windows NT 10.0; Win64; x64) AppleWebKit/537.36 (KHTML, like Gecko) Chrome/73.0.3683.86 Safari/537.36" 
179.210.198.122 - - [04/Apr/2019:06:15:01 -0700] "GET /twitter-icon.png HTTP/1.1" 200 27787 "http://www.secrepo.com/" "Mozilla/5.0 (Windows NT 10.0; Win64; x64) AppleWebKit/537.36 (KHTML, like Gecko) Chrome/73.0.3683.86 Safari/537.36" 
179.210.198.122 - - [04/Apr/2019:06:15:02 -0700] "GET /GitHub-Mark.png HTTP/1.1" 200 7428 "http://www.secrepo.com/" "Mozilla/5.0 (Windows NT 10.0; Win64; x64) AppleWebKit/537.36 (KHTML, like Gecko) Chrome/73.0.3683.86 Safari/537.36" 
179.210.198.122 - - [04/Apr/2019:06:15:03 -0700] "GET /bootstrap/img/favicon.ico HTTP/1.1" 200 589 "http://www.secrepo.com/" "Mozilla/5.0 (Windows NT 10.0; Win64; x64) AppleWebKit/537.36 (KHTML, like Gecko) Chrome/73.0.3683.86 Safari/537.36" 
84.14.123.182 - - [04/Apr/2019:06:18:03 -0700] "GET /misc/zeus_dga_domains.txt.zip HTTP/1.1" 200 594360 "http://www.secrepo.com/" "Mozilla/5.0 (Windows NT 10.0; Win64; x64) AppleWebKit/537.36 (KHTML, like Gecko) Chrome/73.0.3683.86 Safari/537.36" 
202.113.76.159 - - [04/Apr/2019:06:18:12 -0700] "GET / HTTP/1.1" 301 483 "-" "Mozilla/5.0 (Windows NT 6.1; WOW64) AppleWebKit/537.36 (KHTML, like Gecko) Chrome/61.0.3163.79 Safari/537.36 Maxthon/5.2.5.4000" 
202.113.76.159 - - [04/Apr/2019:06:18:14 -0700] "GET / HTTP/1.1" 200 12511 "-" "Mozilla/5.0 (Windows NT 6.1; WOW64) AppleWebKit/537.36 (KHTML, like Gecko) Chrome/61.0.3163.79 Safari/537.36 Maxthon/5.2.5.4000" 
202.113.76.159 - - [04/Apr/2019:06:18:15 -0700] "GET /twitter-icon.png HTTP/1.1" 200 27787 "http://www.secrepo.com/" "Mozilla/5.0 (Windows NT 6.1; WOW64) AppleWebKit/537.36 (KHTML, like Gecko) Chrome/61.0.3163.79 Safari/537.36 Maxthon/5.2.5.4000" 
202.113.76.159 - - [04/Apr/2019:06:18:15 -0700] "GET /GitHub-Mark.png HTTP/1.1" 200 7428 "http://www.secrepo.com/" "Mozilla/5.0 (Windows NT 6.1; WOW64) AppleWebKit/537.36 (KHTML, like Gecko) Chrome/61.0.3163.79 Safari/537.36 Maxthon/5.2.5.4000" 
202.113.76.159 - - [04/Apr/2019:06:18:21 -0700] "GET /bootstrap/img/favicon.ico HTTP/1.1" 200 534 "-" "Mozilla/5.0 (Windows NT 10.0; WOW64) AppleWebKit/537.36 (KHTML, like Gecko) Chrome/55.0.2883.75 Safari/537.36 Maxthon/5.1.5.1000" 
84.14.123.182 - - [04/Apr/2019:06:19:15 -0700] "GET /self.logs/ HTTP/1.1" 200 15704 "http://www.secrepo.com/" "Mozilla/5.0 (Windows NT 10.0; Win64; x64) AppleWebKit/537.36 (KHTML, like Gecko) Chrome/73.0.3683.86 Safari/537.36" 
84.14.123.182 - - [04/Apr/2019:06:19:19 -0700] "GET /self.logs/access.log.2017-01-01.gz HTTP/1.1" 200 17655 "http://www.secrepo.com/self.logs/" "Mozilla/5.0 (Windows NT 10.0; Win64; x64) AppleWebKit/537.36 (KHTML, like Gecko) Chrome/73.0.3683.86 Safari/537.36" 
84.14.123.182 - - [04/Apr/2019:06:23:21 -0700] "GET /auth.log/auth.log.gz HTTP/1.1" 200 554524 "-" "Mozilla/5.0 (Windows NT 10.0; Win64; x64) AppleWebKit/537.36 (KHTML, like Gecko) Chrome/73.0.3683.86 Safari/537.36" 
84.14.123.182 - - [04/Apr/2019:06:23:09 -0700] "GET /squid/access.log.gz HTTP/1.1" 200 23177322 "http://www.secrepo.com/" "Mozilla/5.0 (Windows NT 10.0; Win64; x64) AppleWebKit/537.36 (KHTML, like Gecko) Chrome/73.0.3683.86 Safari/537.36" 
40.77.167.134 - - [04/Apr/2019:06:25:36 -0700] "GET /self.logs/access.log.2018-03-17.gz HTTP/1.1" 200 28145 "-" "Mozilla/5.0 (compatible; bingbot/2.0; +http://www.bing.com/bingbot.htm)" 
138.99.132.102 - - [04/Apr/2019:06:30:27 -0700] "GET /wp-login.php HTTP/1.1" 418 732 "-" "Mozilla/5.0 (Windows NT 6.1; WOW64; rv:40.0) Gecko/20100101 Firefox/40.1" 
138.99.132.102 - - [04/Apr/2019:06:30:27 -0700] "GET / HTTP/1.1" 418 732 "-" "Mozilla/5.0 (Windows NT 6.1; WOW64; rv:40.0) Gecko/20100101 Firefox/40.1" 
117.4.240.104 - - [04/Apr/2019:06:30:54 -0700] "GET / HTTP/1.1" 200 12511 "-" "Mozilla/5.0 (X11; Ubuntu; Linux x86_64; rv:66.0) Gecko/20100101 Firefox/66.0" 
117.4.240.104 - - [04/Apr/2019:06:30:55 -0700] "GET /twitter-icon.png HTTP/1.1" 200 27788 "http://www.secrepo.com/" "Mozilla/5.0 (X11; Ubuntu; Linux x86_64; rv:66.0) Gecko/20100101 Firefox/66.0" 
117.4.240.104 - - [04/Apr/2019:06:30:55 -0700] "GET /GitHub-Mark.png HTTP/1.1" 200 7428 "http://www.secrepo.com/" "Mozilla/5.0 (X11; Ubuntu; Linux x86_64; rv:66.0) Gecko/20100101 Firefox/66.0" 
117.4.240.104 - - [04/Apr/2019:06:30:56 -0700] "GET /bootstrap/img/favicon.ico HTTP/1.1" 200 589 "-" "Mozilla/5.0 (X11; Ubuntu; Linux x86_64; rv:66.0) Gecko/20100101 Firefox/66.0" 
117.4.240.104 - - [04/Apr/2019:06:31:07 -0700] "GET /pe_static/zeus.zip HTTP/1.1" 200 15960384 "http://www.secrepo.com/" "Mozilla/5.0 (X11; Ubuntu; Linux x86_64; rv:66.0) Gecko/20100101 Firefox/66.0" 
91.228.167.88 - - [04/Apr/2019:06:31:24 -0700] "GET / HTTP/1.0" 200 46413 "https://socialmediascanner.eset.com" "Mozilla/5.0 (Windows NT 6.1) AppleWebKit/537.36 (KHTML, like Gecko) Chrome/31.0.1650.16 Safari/537.36" 
84.14.123.182 - - [04/Apr/2019:06:33:02 -0700] "GET /scada/scada_logs.zip HTTP/1.1" 200 364901 "http://www.secrepo.com/" "Mozilla/5.0 (Windows NT 10.0; Win64; x64) AppleWebKit/537.36 (KHTML, like Gecko) Chrome/73.0.3683.86 Safari/537.36" 
84.14.123.182 - - [04/Apr/2019:06:33:19 -0700] "GET /pe_static/zeus.zip HTTP/1.1" 200 8938120 "http://www.secrepo.com/" "Mozilla/5.0 (Windows NT 10.0; Win64; x64) AppleWebKit/537.36 (KHTML, like Gecko) Chrome/73.0.3683.86 Safari/537.36" 
64.233.172.15 - - [04/Apr/2019:06:40:56 -0700] "GET / HTTP/1.1" 200 12511 "https://www.google.com/" "Mozilla/5.0 (Windows NT 6.1) AppleWebKit/537.36 (KHTML, like Gecko) Chrome/72.0.3626.119 Safari/537.36" 
64.233.172.11 - - [04/Apr/2019:06:40:57 -0700] "GET /twitter-icon.png HTTP/1.1" 200 27788 "http://www.secrepo.com/" "Mozilla/5.0 (Windows NT 6.1) AppleWebKit/537.36 (KHTML, like Gecko) Chrome/72.0.3626.119 Safari/537.36" 
64.233.172.15 - - [04/Apr/2019:06:40:57 -0700] "GET /GitHub-Mark.png HTTP/1.1" 200 7427 "http://www.secrepo.com/" "Mozilla/5.0 (Windows NT 6.1) AppleWebKit/537.36 (KHTML, like Gecko) Chrome/72.0.3626.119 Safari/537.36" 
157.55.39.221 - - [04/Apr/2019:06:42:25 -0700] "GET /self.logs/error.log.2019-03-11.gz HTTP/1.1" 200 7859 "-" "Mozilla/5.0 (compatible; bingbot/2.0; +http://www.bing.com/bingbot.htm)" 
41.223.160.131 - - [04/Apr/2019:06:47:45 -0700] "GET /tg/tg_snort_fast.7z HTTP/1.1" 304 131 "-" "Mozilla/5.0 Gecko/20100115 Firefox/3.6" 
161.9.78.14 - - [04/Apr/2019:06:54:13 -0700] "GET /robots.txt HTTP/1.1" 200 334 "-" "Mozilla/5.0 (Windows NT 10.0; Win64; x64) AppleWebKit/537.36 (KHTML, like Gecko) Chrome/73.0.3683.86 Safari/537.36" 
161.9.78.14 - - [04/Apr/2019:06:54:13 -0700] "GET / HTTP/1.1" 200 12511 "-" "Mozilla/5.0 (Windows NT 10.0; Win64; x64) AppleWebKit/537.36 (KHTML, like Gecko) Chrome/73.0.3683.86 Safari/537.36" 
161.9.78.14 - - [04/Apr/2019:06:54:15 -0700] "GET /twitter-icon.png HTTP/1.1" 200 27787 "http://www.secrepo.com/" "Mozilla/5.0 (Windows NT 10.0; Win64; x64) AppleWebKit/537.36 (KHTML, like Gecko) Chrome/73.0.3683.86 Safari/537.36" 
161.9.78.14 - - [04/Apr/2019:06:54:15 -0700] "GET /GitHub-Mark.png HTTP/1.1" 200 7428 "http://www.secrepo.com/" "Mozilla/5.0 (Windows NT 10.0; Win64; x64) AppleWebKit/537.36 (KHTML, like Gecko) Chrome/73.0.3683.86 Safari/537.36" 
161.9.78.14 - - [04/Apr/2019:06:54:17 -0700] "GET /bootstrap/img/favicon.ico HTTP/1.1" 200 589 "http://www.secrepo.com/" "Mozilla/5.0 (Windows NT 10.0; Win64; x64) AppleWebKit/537.36 (KHTML, like Gecko) Chrome/73.0.3683.86 Safari/537.36" 
42.236.99.9 - - [04/Apr/2019:06:54:59 -0700] "GET /self.logs/ HTTP/1.1" 200 15704 "http://www.secrepo.com/self.logs/" "Mozilla/5.0 (Windows NT 6.1; WOW64) AppleWebKit/537.36 (KHTML, like Gecko) Chrome/50.0.2661.102 Safari/537.36; 360Spider" 
161.9.78.14 - - [04/Apr/2019:06:55:55 -0700] "GET /Security-Data-Analysis/Lab_1/conn.log.zip HTTP/1.1" 200 867472 "http://www.secrepo.com/" "Mozilla/5.0 (Windows NT 10.0; Win64; x64) AppleWebKit/537.36 (KHTML, like Gecko) Chrome/73.0.3683.86 Safari/537.36" 
113.171.224.176 - - [04/Apr/2019:07:01:32 -0700] "GET /honeypot/Honeypot%20-%20Howto.pdf HTTP/1.1" 200 61320 "-" "Mozilla/5.0 Gecko/20100115 Firefox/3.6" 
41.223.160.131 - - [04/Apr/2019:07:13:03 -0700] "GET /maccdc2012/dns.log.gz HTTP/1.1" 304 154 "-" "Mozilla/5.0 Gecko/20100115 Firefox/3.6" 
157.55.39.6 - - [04/Apr/2019:07:18:23 -0700] "GET /robots.txt HTTP/1.1" 301 502 "-" "Mozilla/5.0 (compatible; bingbot/2.0; +http://www.bing.com/bingbot.htm)" 
157.55.39.6 - - [04/Apr/2019:07:18:23 -0700] "GET /robots.txt HTTP/1.1" 200 334 "-" "Mozilla/5.0 (compatible; bingbot/2.0; +http://www.bing.com/bingbot.htm)" 
157.55.39.221 - - [04/Apr/2019:07:18:28 -0700] "GET /self.logs/access.log.2017-07-23.gz HTTP/1.1" 301 546 "-" "Mozilla/5.0 (compatible; bingbot/2.0; +http://www.bing.com/bingbot.htm)" 
37.228.243.104 - - [04/Apr/2019:07:18:46 -0700] "GET / HTTP/1.1" 200 12511 "-" "Mozilla/5.0 (X11; Ubuntu; Linux x86_64; rv:66.0) Gecko/20100101 Firefox/66.0" 
37.228.243.104 - - [04/Apr/2019:07:18:47 -0700] "GET /twitter-icon.png HTTP/1.1" 200 27788 "http://www.secrepo.com/" "Mozilla/5.0 (X11; Ubuntu; Linux x86_64; rv:66.0) Gecko/20100101 Firefox/66.0" 
37.228.243.104 - - [04/Apr/2019:07:18:47 -0700] "GET /GitHub-Mark.png HTTP/1.1" 200 7427 "http://www.secrepo.com/" "Mozilla/5.0 (X11; Ubuntu; Linux x86_64; rv:66.0) Gecko/20100101 Firefox/66.0" 
37.228.243.104 - - [04/Apr/2019:07:18:49 -0700] "GET /bootstrap/img/favicon.ico HTTP/1.1" 200 589 "-" "Mozilla/5.0 (X11; Ubuntu; Linux x86_64; rv:66.0) Gecko/20100101 Firefox/66.0" 
13.66.139.0 - - [04/Apr/2019:07:19:44 -0700] "GET /self.logs/access.log.2018-03-10.gz HTTP/1.1" 200 24465 "-" "Mozilla/5.0 (compatible; bingbot/2.0; +http://www.bing.com/bingbot.htm)" 
37.228.243.104 - - [04/Apr/2019:07:19:49 -0700] "GET /pe_static/zeus.zip HTTP/1.1" 200 51367111 "http://www.secrepo.com/" "Mozilla/5.0 (X11; Ubuntu; Linux x86_64; rv:66.0) Gecko/20100101 Firefox/66.0" 
123.126.113.87 - - [04/Apr/2019:07:21:20 -0700] "GET /robots.txt HTTP/1.1" 301 481 "-" "Sogou web spider/4.0(+http://www.sogou.com/docs/help/webmasters.htm#07)" 
123.126.113.87 - - [04/Apr/2019:07:21:20 -0700] "GET / HTTP/1.1" 301 446 "-" "Sogou web spider/4.0(+http://www.sogou.com/docs/help/webmasters.htm#07)" 
123.126.113.87 - - [04/Apr/2019:07:21:26 -0700] "GET /robots.txt HTTP/1.1" 200 252 "-" "Sogou web spider/4.0(+http://www.sogou.com/docs/help/webmasters.htm#07)" 
157.55.39.215 - - [04/Apr/2019:07:22:19 -0700] "GET /self.logs/access.log.2017-03-11.gz HTTP/1.1" 200 14767 "-" "Mozilla/5.0 (compatible; bingbot/2.0; +http://www.bing.com/bingbot.htm)" 
123.126.113.87 - - [04/Apr/2019:07:22:30 -0700] "GET / HTTP/1.1" 200 12474 "-" "Sogou web spider/4.0(+http://www.sogou.com/docs/help/webmasters.htm#07)" 
106.120.173.159 - - [04/Apr/2019:07:23:13 -0700] "GET / HTTP/1.1" 301 446 "-" "Sogou web spider/4.0(+http://www.sogou.com/docs/help/webmasters.htm#07)" 
209.15.209.89 - - [04/Apr/2019:07:27:33 -0700] "HEAD / HTTP/1.1" 200 239 "-" "-" 
5.209.246.148 - - [04/Apr/2019:07:27:34 -0700] "GET / HTTP/1.1" 200 12511 "https://www.researchgate.net/" "Mozilla/5.0 (Windows NT 10.0; Win64; x64) AppleWebKit/537.36 (KHTML, like Gecko) Chrome/69.0.3497.100 Safari/537.36" 
5.209.246.148 - - [04/Apr/2019:07:27:35 -0700] "GET /twitter-icon.png HTTP/1.1" 200 27787 "http://www.secrepo.com/" "Mozilla/5.0 (Windows NT 10.0; Win64; x64) AppleWebKit/537.36 (KHTML, like Gecko) Chrome/69.0.3497.100 Safari/537.36" 
5.209.246.148 - - [04/Apr/2019:07:27:35 -0700] "GET /GitHub-Mark.png HTTP/1.1" 200 7428 "http://www.secrepo.com/" "Mozilla/5.0 (Windows NT 10.0; Win64; x64) AppleWebKit/537.36 (KHTML, like Gecko) Chrome/69.0.3497.100 Safari/537.36" 
5.209.246.148 - - [04/Apr/2019:07:27:37 -0700] "GET /bootstrap/img/favicon.ico HTTP/1.1" 200 589 "http://www.secrepo.com/" "Mozilla/5.0 (Windows NT 10.0; Win64; x64) AppleWebKit/537.36 (KHTML, like Gecko) Chrome/69.0.3497.100 Safari/537.36" 
104.155.24.7 - - [04/Apr/2019:07:29:31 -0700] "HEAD / HTTP/1.1" 200 239 "-" "-" 
104.155.24.7 - - [04/Apr/2019:07:29:31 -0700] "GET / HTTP/1.1" 200 46368 "-" "-" 
106.120.173.159 - - [04/Apr/2019:07:30:52 -0700] "GET / HTTP/1.1" 200 12474 "-" "Sogou web spider/4.0(+http://www.sogou.com/docs/help/webmasters.htm#07)" 
